rectangle (188,68) (288,100) https://ac7ionabl3.github.io/VotingMethods.github.io/tabulation/NIST_VMWG_1500-10X_3-1-3-1-1.html#SelectNextContest
rectangle (517,719) (605,769) https://ac7ionabl3.github.io/VotingMethods.github.io/tabulation/NIST_VMWG_1500-10X_3-1-3-1-1.html#LastContest
rectangle (347,607) (447,659) https://ac7ionabl3.github.io/VotingMethods.github.io/tabulation/NIST_VMWG_1500-10X_3-1-3-1-1.html#UnexpectedContest
rectangle (344,528) (456,577) https://ac7ionabl3.github.io/VotingMethods.github.io/tabulation/NIST_VMWG_1500-10X_3-1-3-1-1.html#ProcessContestMassGroupVote
rectangle (344,451) (453,505) https://ac7ionabl3.github.io/VotingMethods.github.io/tabulation/NIST_VMWG_1500-10X_3-1-3-1-1.html#ProcessContestPresidentialDelegate
rectangle (339,370) (457,419) https://ac7ionabl3.github.io/VotingMethods.github.io/tabulation/NIST_VMWG_1500-10X_3-1-3-1-1.html#ProcessContestPresidentialPreference
rectangle (347,287) (453,341) https://ac7ionabl3.github.io/VotingMethods.github.io/tabulation/NIST_VMWG_1500-10X_3-1-3-1-1.html#ProcessContestProportionalVoting
rectangle (344,198) (453,251) https://ac7ionabl3.github.io/VotingMethods.github.io/tabulation/NIST_VMWG_1500-10X_3-1-3-1-1.html#ProcessContestRCVTop2
rectangle (342,99) (457,169) https://ac7ionabl3.github.io/VotingMethods.github.io/tabulation/NIST_VMWG_1500-10X_3-1-3-1-1.html#ProcessContestRankedChoiceVoting
rectangle (178,737) (290,804) https://ac7ionabl3.github.io/VotingMethods.github.io/tabulation/NIST_VMWG_1500-10X_3-1-3-1-1.html#ProcessContestRecallControlled
rectangle (180,636) (290,706) https://ac7ionabl3.github.io/VotingMethods.github.io/tabulation/NIST_VMWG_1500-10X_3-1-3-1-1.html#ProcessContestRecallControlling
rectangle (182,542) (292,607) https://ac7ionabl3.github.io/VotingMethods.github.io/tabulation/NIST_VMWG_1500-10X_3-1-3-1-1.html#ProcessContestCumulativeVoting
rectangle (178,454) (292,516) https://ac7ionabl3.github.io/VotingMethods.github.io/tabulation/NIST_VMWG_1500-10X_3-1-3-1-1.html#ProcessContestOpenPrimaryPartisan
rectangle (179,343) (292,419) https://ac7ionabl3.github.io/VotingMethods.github.io/tabulation/NIST_VMWG_1500-10X_3-1-3-1-1.html#ProcessContestOpenPrimaryPref
rectangle (179,257) (294,313) https://ac7ionabl3.github.io/VotingMethods.github.io/tabulation/NIST_VMWG_1500-10X_3-1-3-1-1.html#ProcessContestAssocSP
rectangle (187,184) (285,236) https://ac7ionabl3.github.io/VotingMethods.github.io/tabulation/NIST_VMWG_1500-10X_3-1-3-1-1.html#ProcessSPContest
polygon (189,135) (235,112) (284,137) (238,160) (238,163) (191,137) (188,137) (189,135) https://ac7ionabl3.github.io/VotingMethods.github.io/tabulation/NIST_VMWG_1500-10X_3-1-3-1-1.html#ProcessRegularContest
rectangle (486,533) (578,573) https://ac7ionabl3.github.io/VotingMethods.github.io/tabulation/NIST_VMWG_1500-10X_3-1-3-1-1.html#ProcessContestMassGroupVote
rectangle (485,455) (581,500) https://ac7ionabl3.github.io/VotingMethods.github.io/tabulation/NIST_VMWG_1500-10X_3-1-3-1-1.html#ProcessContestPresidentialDelegate
rectangle (486,367) (578,420) https://ac7ionabl3.github.io/VotingMethods.github.io/tabulation/NIST_VMWG_1500-10X_3-1-3-1-1.html#ProcessContestPresidentialPreference
rectangle (486,291) (580,335) https://ac7ionabl3.github.io/VotingMethods.github.io/tabulation/NIST_VMWG_1500-10X_3-1-3-1-1.html#ProcessContestProportionalVoting
rectangle (485,205) (582,247) https://ac7ionabl3.github.io/VotingMethods.github.io/tabulation/NIST_VMWG_1500-10X_3-1-3-1-1.html#ProcessContestRCVTop2
rectangle (485,205) (582,247) 
rectangle (486,107) (581,164) https://ac7ionabl3.github.io/VotingMethods.github.io/tabulation/NIST_VMWG_1500-10X_3-1-3-1-1.html#ProcessContestRankedChoiceVoting
rectangle (61,751) (151,794) https://ac7ionabl3.github.io/VotingMethods.github.io/tabulation/NIST_VMWG_1500-10X_3-1-3-1-1.html#ProcessContestRecallControlled
rectangle (58,652) (155,695) https://ac7ionabl3.github.io/VotingMethods.github.io/tabulation/NIST_VMWG_1500-10X_3-1-3-1-1.html#ProcessContestRecallControlling
rectangle (58,554) (154,599) https://ac7ionabl3.github.io/VotingMethods.github.io/tabulation/NIST_VMWG_1500-10X_3-1-3-1-1.html#ProcessContestCumulativeVoting
rectangle (58,465) (153,508) https://ac7ionabl3.github.io/VotingMethods.github.io/tabulation/NIST_VMWG_1500-10X_3-1-3-1-1.html#ProcessContestOpenPrimaryPartisan
rectangle (61,354) (155,412) https://ac7ionabl3.github.io/VotingMethods.github.io/tabulation/NIST_VMWG_1500-10X_3-1-3-1-1.html#ProcessContestOpenPrimaryPref
rectangle (59,262) (154,309) https://ac7ionabl3.github.io/VotingMethods.github.io/tabulation/NIST_VMWG_1500-10X_3-1-3-1-1.html#ProcessContestAssocSP
rectangle (59,192) (154,226) https://ac7ionabl3.github.io/VotingMethods.github.io/tabulation/NIST_VMWG_1500-10X_3-1-3-1-1.html#ProcessSPContest
rectangle (59,115) (155,156) https://ac7ionabl3.github.io/VotingMethods.github.io/tabulation/NIST_VMWG_1500-10X_3-1-3-1-1_ProcReg.html#ProcessRegularContest
